GPU     : NVIDIA H100 NVL
VRAM    : 100.0 GB
PyTorch : 2.11.0+cu128
BF16    : True
compile : True

[Config]
  datasets=['ModelNet40']  epochs=300  batch=64
  dim=384  depth=12  timestep=2
  groups=128  group_size=32  expand=1.1
  asp_steps=4  kd=True  kd_temp=4.0
  ckpt=./ckpts_mn40  data=./data

[Download] ModelNet40 ...
  ModelNet40: cached at ./data/ModelNet40

============================================================================
Dataset: ModelNet40  classes=40
Backbone: official-like SPM group encoder + Mamba-lite mixer
============================================================================
  [train] Loading 9843 files ...
  [train] Loaded. Shape: (9843, 1024, 3)
  [test] Loading 2468 files ...
  [test] Loaded. Shape: (2468, 1024, 3)

[Teacher] params=15,053,992
  [Teacher] Ep   5/150 tr=0.6985 val=0.6661 * lr=0.00020 55s
  [Teacher] Ep  10/150 tr=0.7807 val=0.8027 * lr=0.00037 3s
  [Teacher] Ep  15/150 tr=0.8061 val=0.7950   lr=0.00053 3s
  [Teacher] Ep  20/150 tr=0.7969 val=0.7832   lr=0.00070 3s
  [Teacher] Ep  25/150 tr=0.8051 val=0.8079 * lr=0.00087 3s
  [Teacher] Ep  30/150 tr=0.8023 val=0.7917   lr=0.00100 3s
  [Teacher] Ep  35/150 tr=0.8327 val=0.8156 * lr=0.00100 3s
  [Teacher] Ep  40/150 tr=0.8522 val=0.8468 * lr=0.00098 3s
  [Teacher] Ep  45/150 tr=0.8701 val=0.8416   lr=0.00096 3s
  [Teacher] Ep  50/150 tr=0.8788 val=0.8420   lr=0.00093 3s
  [Teacher] Ep  55/150 tr=0.8869 val=0.8545 * lr=0.00090 3s
  [Teacher] Ep  60/150 tr=0.9003 val=0.8630 * lr=0.00085 3s
  [Teacher] Ep  65/150 tr=0.9053 val=0.8635 * lr=0.00080 3s
  [Teacher] Ep  70/150 tr=0.9178 val=0.8481   lr=0.00075 3s
  [Teacher] Ep  75/150 tr=0.9247 val=0.8716 * lr=0.00069 3s
  [Teacher] Ep  80/150 tr=0.9321 val=0.8744 * lr=0.00063 3s
  [Teacher] Ep  85/150 tr=0.9468 val=0.8716   lr=0.00057 3s
  [Teacher] Ep  90/150 tr=0.9504 val=0.8776 * lr=0.00050 3s
  [Teacher] Ep  95/150 tr=0.9563 val=0.8740   lr=0.00043 3s
  [Teacher] Ep 100/150 tr=0.9614 val=0.8748   lr=0.00037 3s
  [Teacher] Ep 105/150 tr=0.9686 val=0.8768   lr=0.00031 3s
  [Teacher] Ep 110/150 tr=0.9734 val=0.8809 * lr=0.00025 4s
  [Teacher] Ep 115/150 tr=0.9795 val=0.8797   lr=0.00020 3s
  [Teacher] Ep 120/150 tr=0.9847 val=0.8780   lr=0.00015 3s
  [Teacher] Ep 125/150 tr=0.9884 val=0.8857 * lr=0.00010 7s
  [Teacher] Ep 130/150 tr=0.9897 val=0.8736   lr=0.00007 6s
  [Teacher] Ep 135/150 tr=0.9926 val=0.8825   lr=0.00004 7s
  [Teacher] Ep 140/150 tr=0.9947 val=0.8882 * lr=0.00002 3s
  [Teacher] Ep 145/150 tr=0.9953 val=0.8841   lr=0.00001 3s
  [Teacher] Ep 150/150 tr=0.9960 val=0.8849   lr=0.00001 3s
[KD] Distilling from teacher (best val=88.82%).

[SPM] params=18,457,256
  [SPM] Ep   5/300 tr=0.4493 val=0.4125 * lr=0.00020 62s
  [SPM] Ep  10/300 tr=0.6458 val=0.5519 * lr=0.00037 9s
  [SPM] Ep  15/300 tr=0.7358 val=0.5960 * lr=0.00053 9s
  [SPM] Ep  20/300 tr=0.7689 val=0.7249 * lr=0.00070 9s
  [SPM] Ep  25/300 tr=0.7902 val=0.7532 * lr=0.00087 9s
  [SPM] Ep  30/300 tr=0.8113 val=0.7042   lr=0.00100 9s
  [SPM] Ep  35/300 tr=0.8270 val=0.8205 * lr=0.00100 9s
  [SPM] Ep  40/300 tr=0.8383 val=0.8152   lr=0.00100 9s
  [SPM] Ep  45/300 tr=0.8483 val=0.8144   lr=0.00099 9s
  [SPM] Ep  50/300 tr=0.8531 val=0.7828   lr=0.00099 10s
  [SPM] Ep  55/300 tr=0.8628 val=0.8205   lr=0.00098 9s
  [SPM] Ep  60/300 tr=0.8695 val=0.8173   lr=0.00097 11s
  [SPM] Ep  65/300 tr=0.8725 val=0.8282 * lr=0.00096 9s
  [SPM] Ep  70/300 tr=0.8812 val=0.8063   lr=0.00095 9s
  [SPM] Ep  75/300 tr=0.8796 val=0.8092   lr=0.00093 9s
  [SPM] Ep  80/300 tr=0.8864 val=0.8395 * lr=0.00092 9s
  [SPM] Ep  85/300 tr=0.8867 val=0.8460 * lr=0.00090 11s
  [SPM] Ep  90/300 tr=0.8897 val=0.8282   lr=0.00088 9s
  [SPM] Ep  95/300 tr=0.8954 val=0.8521 * lr=0.00086 9s
  [SPM] Ep 100/300 tr=0.9011 val=0.8274   lr=0.00084 9s
  [SPM] Ep 105/300 tr=0.9012 val=0.8213   lr=0.00082 9s
  [SPM] Ep 110/300 tr=0.9009 val=0.8428   lr=0.00080 11s
  [SPM] Ep 115/300 tr=0.9070 val=0.8460   lr=0.00077 9s
  [SPM] Ep 120/300 tr=0.9065 val=0.8521   lr=0.00075 10s
  [SPM] Ep 125/300 tr=0.9066 val=0.8509   lr=0.00072 11s
  [SPM] Ep 130/300 tr=0.9146 val=0.8521   lr=0.00070 9s
  [SPM] Ep 135/300 tr=0.9148 val=0.8509   lr=0.00067 9s
  [SPM] Ep 140/300 tr=0.9192 val=0.8290   lr=0.00064 9s
  [SPM] Ep 145/300 tr=0.9163 val=0.8432   lr=0.00062 11s
  [SPM] Ep 150/300 tr=0.9186 val=0.8493   lr=0.00059 9s
  [SPM] Ep 155/300 tr=0.9233 val=0.8537 * lr=0.00056 9s
  [SPM] Ep 160/300 tr=0.9281 val=0.8391   lr=0.00053 9s
  [SPM] Ep 165/300 tr=0.9257 val=0.8594 * lr=0.00050 9s
  [SPM] Ep 170/300 tr=0.9269 val=0.8586   lr=0.00047 11s
  [SPM] Ep 175/300 tr=0.9310 val=0.8489   lr=0.00044 9s
  [SPM] Ep 180/300 tr=0.9349 val=0.8610 * lr=0.00041 10s
  [SPM] Ep 185/300 tr=0.9309 val=0.8626 * lr=0.00038 14s
  [SPM] Ep 190/300 tr=0.9404 val=0.8679 * lr=0.00036 9s
  [SPM] Ep 195/300 tr=0.9411 val=0.8683 * lr=0.00033 9s
  [SPM] Ep 200/300 tr=0.9401 val=0.8622   lr=0.00030 9s
  [SPM] Ep 205/300 tr=0.9398 val=0.8545   lr=0.00028 10s
  [SPM] Ep 210/300 tr=0.9512 val=0.8695 * lr=0.00025 11s
  [SPM] Ep 215/300 tr=0.9460 val=0.8630   lr=0.00023 9s
  [SPM] Ep 220/300 tr=0.9508 val=0.8691   lr=0.00020 9s
  [SPM] Ep 225/300 tr=0.9529 val=0.8675   lr=0.00018 9s
  [SPM] Ep 230/300 tr=0.9584 val=0.8614   lr=0.00016 11s
  [SPM] Ep 235/300 tr=0.9581 val=0.8724 * lr=0.00014 9s
  [SPM] Ep 240/300 tr=0.9585 val=0.8663   lr=0.00012 10s
  [SPM] Ep 245/300 tr=0.9603 val=0.8724   lr=0.00010 10s
  [SPM] Ep 250/300 tr=0.9624 val=0.8683   lr=0.00008 9s
  [SPM] Ep 255/300 tr=0.9647 val=0.8667   lr=0.00007 10s
  [SPM] Ep 260/300 tr=0.9658 val=0.8707   lr=0.00005 9s
  [SPM] Ep 265/300 tr=0.9628 val=0.8720   lr=0.00004 9s
  [SPM] Ep 270/300 tr=0.9665 val=0.8720   lr=0.00003 13s
  [SPM] Ep 275/300 tr=0.9689 val=0.8724   lr=0.00002 13s
  [SPM] Ep 280/300 tr=0.9698 val=0.8695   lr=0.00001 14s
  [SPM] Ep 285/300 tr=0.9693 val=0.8736 * lr=0.00001 14s
  [SPM] Ep 290/300 tr=0.9672 val=0.8699   lr=0.00001 12s
  [SPM] Ep 295/300 tr=0.9691 val=0.8699   lr=0.00001 14s
  [SPM] Ep 300/300 tr=0.9681 val=0.8768 * lr=0.00001 11s

[ASP] params=18,687,400
  [ASP] Ep   5/300 tr=0.4555 val=0.4182 * slices=4.00/4 tau=0.852 lr=0.00020 31s
  [ASP] Ep  10/300 tr=0.6451 val=0.5997 * slices=4.00/4 tau=0.698 lr=0.00037 32s
  [ASP] Ep  15/300 tr=0.7256 val=0.4352   slices=4.00/4 tau=0.571 lr=0.00053 34s
  [ASP] Ep  20/300 tr=0.7684 val=0.5790   slices=4.00/4 tau=0.468 lr=0.00070 33s
  [ASP] Ep  25/300 tr=0.7941 val=0.7079 * slices=4.00/4 tau=0.383 lr=0.00087 34s
  [ASP] Ep  30/300 tr=0.8126 val=0.7387 * slices=3.95/4 tau=0.313 lr=0.00100 35s
  [ASP] Ep  35/300 tr=0.8353 val=0.7626 * slices=4.00/4 tau=0.257 lr=0.00100 34s
  [ASP] Ep  40/300 tr=0.8449 val=0.7253   slices=4.00/4 tau=0.210 lr=0.00100 34s
  [ASP] Ep  45/300 tr=0.8510 val=0.8262 * slices=4.00/4 tau=0.172 lr=0.00099 34s
  [ASP] Ep  50/300 tr=0.8602 val=0.8006   slices=4.00/4 tau=0.141 lr=0.00099 28s
  [ASP] Ep  55/300 tr=0.8639 val=0.8209   slices=3.95/4 tau=0.115 lr=0.00098 28s
  [ASP] Ep  60/300 tr=0.8779 val=0.8075   slices=3.92/4 tau=0.100 lr=0.00097 27s
  [ASP] Ep  65/300 tr=0.8776 val=0.7832   slices=3.95/4 tau=0.100 lr=0.00096 26s
  [ASP] Ep  70/300 tr=0.8831 val=0.8456 * slices=4.00/4 tau=0.100 lr=0.00095 28s
  [ASP] Ep  75/300 tr=0.8845 val=0.8165   slices=3.95/4 tau=0.100 lr=0.00093 28s
  [ASP] Ep  80/300 tr=0.8875 val=0.8169   slices=4.00/4 tau=0.100 lr=0.00092 28s
  [ASP] Ep  85/300 tr=0.8917 val=0.8428   slices=3.92/4 tau=0.100 lr=0.00090 28s
  [ASP] Ep  90/300 tr=0.8992 val=0.8262   slices=3.97/4 tau=0.100 lr=0.00088 28s
  [ASP] Ep  95/300 tr=0.8991 val=0.8278   slices=3.97/4 tau=0.100 lr=0.00086 28s
  [ASP] Ep 100/300 tr=0.8963 val=0.8371   slices=3.92/4 tau=0.100 lr=0.00084 28s
  [ASP] Ep 105/300 tr=0.9009 val=0.8424   slices=4.00/4 tau=0.100 lr=0.00082 28s
  [ASP] Ep 110/300 tr=0.9068 val=0.8169   slices=3.92/4 tau=0.100 lr=0.00080 28s
  [ASP] Ep 115/300 tr=0.9055 val=0.8424   slices=4.00/4 tau=0.100 lr=0.00077 58s
  [ASP] Ep 120/300 tr=0.9110 val=0.8286   slices=3.92/4 tau=0.100 lr=0.00075 26s
  [ASP] Ep 125/300 tr=0.9132 val=0.8533 * slices=3.95/4 tau=0.100 lr=0.00072 27s
  [ASP] Ep 130/300 tr=0.9138 val=0.8432   slices=3.97/4 tau=0.100 lr=0.00070 27s
  [ASP] Ep 135/300 tr=0.9209 val=0.8602 * slices=3.92/4 tau=0.100 lr=0.00067 27s
  [ASP] Ep 140/300 tr=0.9190 val=0.8387   slices=3.92/4 tau=0.100 lr=0.00064 27s
  [ASP] Ep 145/300 tr=0.9226 val=0.8404   slices=4.00/4 tau=0.100 lr=0.00062 27s
  [ASP] Ep 150/300 tr=0.9268 val=0.8432   slices=3.95/4 tau=0.100 lr=0.00059 27s
  [ASP] Ep 155/300 tr=0.9251 val=0.8323   slices=3.87/4 tau=0.100 lr=0.00056 26s
  [ASP] Ep 160/300 tr=0.9239 val=0.8428   slices=3.92/4 tau=0.100 lr=0.00053 27s
  [ASP] Ep 165/300 tr=0.9277 val=0.8448   slices=3.92/4 tau=0.100 lr=0.00050 27s
  [ASP] Ep 170/300 tr=0.9350 val=0.8472   slices=3.95/4 tau=0.100 lr=0.00047 27s
  [ASP] Ep 175/300 tr=0.9354 val=0.8468   slices=3.92/4 tau=0.100 lr=0.00044 27s
  [ASP] Ep 180/300 tr=0.9405 val=0.8497   slices=3.95/4 tau=0.100 lr=0.00041 27s
  [ASP] Ep 185/300 tr=0.9391 val=0.8489   slices=3.95/4 tau=0.100 lr=0.00038 27s
  [ASP] Ep 190/300 tr=0.9391 val=0.8489   slices=3.90/4 tau=0.100 lr=0.00036 27s
  [ASP] Ep 195/300 tr=0.9458 val=0.8525   slices=3.95/4 tau=0.100 lr=0.00033 27s
  [ASP] Ep 200/300 tr=0.9432 val=0.8468   slices=3.92/4 tau=0.100 lr=0.00030 27s
  [ASP] Ep 205/300 tr=0.9510 val=0.8509   slices=3.87/4 tau=0.100 lr=0.00028 26s
  [ASP] Ep 210/300 tr=0.9513 val=0.8602   slices=3.90/4 tau=0.100 lr=0.00025 27s
  [ASP] Ep 215/300 tr=0.9556 val=0.8578   slices=3.95/4 tau=0.100 lr=0.00023 27s
  [ASP] Ep 220/300 tr=0.9556 val=0.8432   slices=3.87/4 tau=0.100 lr=0.00020 27s
  [ASP] Ep 225/300 tr=0.9534 val=0.8602   slices=3.92/4 tau=0.100 lr=0.00018 27s
  [ASP] Ep 230/300 tr=0.9586 val=0.8558   slices=3.87/4 tau=0.100 lr=0.00016 27s
  [ASP] Ep 235/300 tr=0.9613 val=0.8574   slices=3.90/4 tau=0.100 lr=0.00014 27s
  [ASP] Ep 240/300 tr=0.9614 val=0.8598   slices=3.92/4 tau=0.100 lr=0.00012 27s
  [ASP] Ep 245/300 tr=0.9640 val=0.8549   slices=3.87/4 tau=0.100 lr=0.00010 27s
  [ASP] Ep 250/300 tr=0.9631 val=0.8635 * slices=3.87/4 tau=0.100 lr=0.00008 27s
  [ASP] Ep 255/300 tr=0.9657 val=0.8566   slices=3.92/4 tau=0.100 lr=0.00007 27s
  [ASP] Ep 260/300 tr=0.9681 val=0.8586   slices=3.92/4 tau=0.100 lr=0.00005 27s
  [ASP] Ep 265/300 tr=0.9686 val=0.8598   slices=3.92/4 tau=0.100 lr=0.00004 27s
  [ASP] Ep 270/300 tr=0.9702 val=0.8610   slices=3.92/4 tau=0.100 lr=0.00003 27s
  [ASP] Ep 275/300 tr=0.9700 val=0.8566   slices=3.90/4 tau=0.100 lr=0.00002 27s
  [ASP] Ep 280/300 tr=0.9734 val=0.8602   slices=3.87/4 tau=0.100 lr=0.00001 27s
  [ASP] Ep 285/300 tr=0.9723 val=0.8618   slices=3.87/4 tau=0.100 lr=0.00001 27s
  [ASP] Ep 290/300 tr=0.9726 val=0.8618   slices=3.84/4 tau=0.100 lr=0.00001 27s
  [ASP] Ep 295/300 tr=0.9698 val=0.8695 * slices=3.84/4 tau=0.100 lr=0.00001 27s
  [ASP] Ep 300/300 tr=0.9693 val=0.8635   slices=3.87/4 tau=0.100 lr=0.00001 27s

Summary ModelNet40
  Teacher  : 88.82%
  SPM best : 87.68%
  ASP best : 86.95%
  Delta    : -0.73 pp
  ASP chunks: 3.84/4  Firing rate: 0.2422

============================================================================
FINAL RESULTS
============================================================================
Dataset          Teacher       SPM       ASP     Delta     Chunks
ModelNet40        88.82%    87.68%    86.95%    -0.73   3.84/4

Outputs: ./ckpts_mn40
